Archive member included to satisfy reference by file (symbol)

c:/program files (x86)/atmel/studio/7.0/toolchain/avr8/avr8-gnu-toolchain/bin/../lib/gcc/avr/5.4.0/avr5\libgcc.a(_divmodhi4.o)
                              interfaces/interface_driver.o (__divmodhi4)
c:/program files (x86)/atmel/studio/7.0/toolchain/avr8/avr8-gnu-toolchain/bin/../lib/gcc/avr/5.4.0/avr5\libgcc.a(_exit.o)
                              C:/Program Files (x86)/Atmel/Studio/7.0/Packs/atmel/ATmega_DFP/1.7.374/gcc/dev/atmega328p/avr5/crtatmega328p.o (exit)
c:/program files (x86)/atmel/studio/7.0/toolchain/avr8/avr8-gnu-toolchain/bin/../lib/gcc/avr/5.4.0/avr5\libgcc.a(_copy_data.o)
                              graphics_library/epd3in7.o (__do_copy_data)
c:/program files (x86)/atmel/studio/7.0/toolchain/avr8/avr8-gnu-toolchain/bin/../lib/gcc/avr/5.4.0/avr5\libgcc.a(_clear_bss.o)
                              main.o (__do_clear_bss)
c:/program files (x86)/atmel/studio/7.0/toolchain/avr8/avr8-gnu-toolchain/bin/../lib/gcc/avr/5.4.0/avr5\libgcc.a(_udivmodhi4.o)
                              c:/program files (x86)/atmel/studio/7.0/toolchain/avr8/avr8-gnu-toolchain/bin/../lib/gcc/avr/5.4.0/avr5\libgcc.a(_divmodhi4.o) (__udivmodhi4)
c:/program files (x86)/atmel/studio/7.0/toolchain/avr8/avr8-gnu-toolchain/bin/../lib/gcc/avr/5.4.0/../../../../avr/lib/avr5\libc.a(strncpy.o)
                              interfaces/interface_driver.o (strncpy)

Allocating common symbols
Common symbol       size              file

String              0x19              main.o

Discarded input sections

 .data          0x00000000        0x0 C:/Program Files (x86)/Atmel/Studio/7.0/Packs/atmel/ATmega_DFP/1.7.374/gcc/dev/atmega328p/avr5/crtatmega328p.o
 .bss           0x00000000        0x0 C:/Program Files (x86)/Atmel/Studio/7.0/Packs/atmel/ATmega_DFP/1.7.374/gcc/dev/atmega328p/avr5/crtatmega328p.o
 .text          0x00000000        0x0 graphics_library/epd3in7.o
 .data          0x00000000        0x0 graphics_library/epd3in7.o
 .bss           0x00000000        0x0 graphics_library/epd3in7.o
 .text.epd_display_frame
                0x00000000       0x96 graphics_library/epd3in7.o
 .text.epd_display_frame_partial
                0x00000000      0x11e graphics_library/epd3in7.o
 .text          0x00000000        0x0 graphics_library/epdif.o
 .data          0x00000000        0x0 graphics_library/epdif.o
 .bss           0x00000000        0x0 graphics_library/epdif.o
 .text.epd_delay_ms
                0x00000000       0x1c graphics_library/epdif.o
 .text          0x00000000        0x0 graphics_library/epdpaint.o
 .data          0x00000000        0x0 graphics_library/epdpaint.o
 .bss           0x00000000        0x0 graphics_library/epdpaint.o
 .text.Paint_GetWidth
                0x00000000        0x8 graphics_library/epdpaint.o
 .text.Paint_SetWidth
                0x00000000       0x34 graphics_library/epdpaint.o
 .text.Paint_GetHeight
                0x00000000        0x8 graphics_library/epdpaint.o
 .text.Paint_SetHeight
                0x00000000        0x8 graphics_library/epdpaint.o
 .text.Paint_GetRotate
                0x00000000        0x8 graphics_library/epdpaint.o
 .text.Paint_DrawLine
                0x00000000      0x132 graphics_library/epdpaint.o
 .text.Paint_DrawRectangle
                0x00000000       0xae graphics_library/epdpaint.o
 .text.Paint_DrawFilledRectangle
                0x00000000       0x86 graphics_library/epdpaint.o
 .text.Paint_DrawCircle
                0x00000000      0x13e graphics_library/epdpaint.o
 .text.Paint_DrawFilledCircle
                0x00000000      0x190 graphics_library/epdpaint.o
 .text          0x00000000        0x0 graphics_library/font12.o
 .data          0x00000000        0x0 graphics_library/font12.o
 .bss           0x00000000        0x0 graphics_library/font12.o
 .data.Font12   0x00000000        0x6 graphics_library/font12.o
 .progmem.data.Font12_Table
                0x00000000      0x474 graphics_library/font12.o
 .debug_info    0x00000000       0xf7 graphics_library/font12.o
 .debug_abbrev  0x00000000       0x93 graphics_library/font12.o
 .debug_aranges
                0x00000000       0x18 graphics_library/font12.o
 .debug_line    0x00000000       0xa7 graphics_library/font12.o
 .debug_str     0x00000000      0x1c3 graphics_library/font12.o
 .comment       0x00000000       0x31 graphics_library/font12.o
 .text          0x00000000        0x0 graphics_library/font16.o
 .data          0x00000000        0x0 graphics_library/font16.o
 .bss           0x00000000        0x0 graphics_library/font16.o
 .text          0x00000000        0x0 graphics_library/font20.o
 .data          0x00000000        0x0 graphics_library/font20.o
 .bss           0x00000000        0x0 graphics_library/font20.o
 .data.Font20   0x00000000        0x6 graphics_library/font20.o
 .progmem.data.Font20_Table
                0x00000000      0xed8 graphics_library/font20.o
 .debug_info    0x00000000       0xf7 graphics_library/font20.o
 .debug_abbrev  0x00000000       0x93 graphics_library/font20.o
 .debug_aranges
                0x00000000       0x18 graphics_library/font20.o
 .debug_line    0x00000000       0xa7 graphics_library/font20.o
 .debug_str     0x00000000      0x1c3 graphics_library/font20.o
 .comment       0x00000000       0x31 graphics_library/font20.o
 .text          0x00000000        0x0 graphics_library/font24.o
 .data          0x00000000        0x0 graphics_library/font24.o
 .bss           0x00000000        0x0 graphics_library/font24.o
 .data.Font24   0x00000000        0x6 graphics_library/font24.o
 .progmem.data.Font24_Table
                0x00000000     0x1ab8 graphics_library/font24.o
 .debug_info    0x00000000       0xf7 graphics_library/font24.o
 .debug_abbrev  0x00000000       0x93 graphics_library/font24.o
 .debug_aranges
                0x00000000       0x18 graphics_library/font24.o
 .debug_line    0x00000000       0xa7 graphics_library/font24.o
 .debug_str     0x00000000      0x1c3 graphics_library/font24.o
 .comment       0x00000000       0x31 graphics_library/font24.o
 .text          0x00000000        0x0 graphics_library/font8.o
 .data          0x00000000        0x0 graphics_library/font8.o
 .bss           0x00000000        0x0 graphics_library/font8.o
 .data.Font8    0x00000000        0x6 graphics_library/font8.o
 .progmem.data.Font8_Table
                0x00000000      0x2f8 graphics_library/font8.o
 .debug_info    0x00000000       0xf7 graphics_library/font8.o
 .debug_abbrev  0x00000000       0x93 graphics_library/font8.o
 .debug_aranges
                0x00000000       0x18 graphics_library/font8.o
 .debug_line    0x00000000       0xa6 graphics_library/font8.o
 .debug_str     0x00000000      0x1c0 graphics_library/font8.o
 .comment       0x00000000       0x31 graphics_library/font8.o
 .text          0x00000000        0x0 graphics_library/imagedata.o
 .data          0x00000000        0x0 graphics_library/imagedata.o
 .bss           0x00000000        0x0 graphics_library/imagedata.o
 .progmem.data.IMAGE_DATA
                0x00000000     0x41a6 graphics_library/imagedata.o
 .debug_info    0x00000000       0x8a graphics_library/imagedata.o
 .debug_abbrev  0x00000000       0x50 graphics_library/imagedata.o
 .debug_aranges
                0x00000000       0x18 graphics_library/imagedata.o
 .debug_line    0x00000000       0x3d graphics_library/imagedata.o
 .debug_str     0x00000000      0x193 graphics_library/imagedata.o
 .comment       0x00000000       0x31 graphics_library/imagedata.o
 .text          0x00000000        0x0 interfaces/interface_driver.o
 .data          0x00000000        0x0 interfaces/interface_driver.o
 .bss           0x00000000        0x0 interfaces/interface_driver.o
 .text.update_screen
                0x00000000        0x6 interfaces/interface_driver.o
 .text          0x00000000        0x0 main.o
 .data          0x00000000        0x0 main.o
 .bss           0x00000000        0x0 main.o
 COMMON         0x00000000       0x19 main.o
 .text          0x00000000        0x0 uart.o
 .data          0x00000000        0x0 uart.o
 .bss           0x00000000        0x0 uart.o
 .text.UART_init
                0x00000000       0x1e uart.o
 .text.UART_send
                0x00000000        0xe uart.o
 .text.UART_putstring
                0x00000000       0x1a uart.o
 .debug_info    0x00000000       0xff uart.o
 .debug_abbrev  0x00000000       0x9f uart.o
 .debug_loc     0x00000000       0x7d uart.o
 .debug_aranges
                0x00000000       0x30 uart.o
 .debug_ranges  0x00000000       0x20 uart.o
 .debug_line    0x00000000      0x105 uart.o
 .debug_str     0x00000000      0x1b9 uart.o
 .comment       0x00000000       0x31 uart.o
 .debug_frame   0x00000000       0x50 uart.o
 .text          0x00000000        0x0 c:/program files (x86)/atmel/studio/7.0/toolchain/avr8/avr8-gnu-toolchain/bin/../lib/gcc/avr/5.4.0/avr5\libgcc.a(_divmodhi4.o)
 .data          0x00000000        0x0 c:/program files (x86)/atmel/studio/7.0/toolchain/avr8/avr8-gnu-toolchain/bin/../lib/gcc/avr/5.4.0/avr5\libgcc.a(_divmodhi4.o)
 .bss           0x00000000        0x0 c:/program files (x86)/atmel/studio/7.0/toolchain/avr8/avr8-gnu-toolchain/bin/../lib/gcc/avr/5.4.0/avr5\libgcc.a(_divmodhi4.o)
 .text.libgcc.mul
                0x00000000        0x0 c:/program files (x86)/atmel/studio/7.0/toolchain/avr8/avr8-gnu-toolchain/bin/../lib/gcc/avr/5.4.0/avr5\libgcc.a(_divmodhi4.o)
 .text.libgcc   0x00000000        0x0 c:/program files (x86)/atmel/studio/7.0/toolchain/avr8/avr8-gnu-toolchain/bin/../lib/gcc/avr/5.4.0/avr5\libgcc.a(_divmodhi4.o)
 .text.libgcc.prologue
                0x00000000        0x0 c:/program files (x86)/atmel/studio/7.0/toolchain/avr8/avr8-gnu-toolchain/bin/../lib/gcc/avr/5.4.0/avr5\libgcc.a(_divmodhi4.o)
 .text.libgcc.builtins
                0x00000000        0x0 c:/program files (x86)/atmel/studio/7.0/toolchain/avr8/avr8-gnu-toolchain/bin/../lib/gcc/avr/5.4.0/avr5\libgcc.a(_divmodhi4.o)
 .text.libgcc.fmul
                0x00000000        0x0 c:/program files (x86)/atmel/studio/7.0/toolchain/avr8/avr8-gnu-toolchain/bin/../lib/gcc/avr/5.4.0/avr5\libgcc.a(_divmodhi4.o)
 .text.libgcc.fixed
                0x00000000        0x0 c:/program files (x86)/atmel/studio/7.0/toolchain/avr8/avr8-gnu-toolchain/bin/../lib/gcc/avr/5.4.0/avr5\libgcc.a(_divmodhi4.o)
 .text          0x00000000        0x0 c:/program files (x86)/atmel/studio/7.0/toolchain/avr8/avr8-gnu-toolchain/bin/../lib/gcc/avr/5.4.0/avr5\libgcc.a(_exit.o)
 .data          0x00000000        0x0 c:/program files (x86)/atmel/studio/7.0/toolchain/avr8/avr8-gnu-toolchain/bin/../lib/gcc/avr/5.4.0/avr5\libgcc.a(_exit.o)
 .bss           0x00000000        0x0 c:/program files (x86)/atmel/studio/7.0/toolchain/avr8/avr8-gnu-toolchain/bin/../lib/gcc/avr/5.4.0/avr5\libgcc.a(_exit.o)
 .text.libgcc.mul
                0x00000000        0x0 c:/program files (x86)/atmel/studio/7.0/toolchain/avr8/avr8-gnu-toolchain/bin/../lib/gcc/avr/5.4.0/avr5\libgcc.a(_exit.o)
 .text.libgcc.div
                0x00000000        0x0 c:/program files (x86)/atmel/studio/7.0/toolchain/avr8/avr8-gnu-toolchain/bin/../lib/gcc/avr/5.4.0/avr5\libgcc.a(_exit.o)
 .text.libgcc   0x00000000        0x0 c:/program files (x86)/atmel/studio/7.0/toolchain/avr8/avr8-gnu-toolchain/bin/../lib/gcc/avr/5.4.0/avr5\libgcc.a(_exit.o)
 .text.libgcc.prologue
                0x00000000        0x0 c:/program files (x86)/atmel/studio/7.0/toolchain/avr8/avr8-gnu-toolchain/bin/../lib/gcc/avr/5.4.0/avr5\libgcc.a(_exit.o)
 .text.libgcc.builtins
                0x00000000        0x0 c:/program files (x86)/atmel/studio/7.0/toolchain/avr8/avr8-gnu-toolchain/bin/../lib/gcc/avr/5.4.0/avr5\libgcc.a(_exit.o)
 .text.libgcc.fmul
                0x00000000        0x0 c:/program files (x86)/atmel/studio/7.0/toolchain/avr8/avr8-gnu-toolchain/bin/../lib/gcc/avr/5.4.0/avr5\libgcc.a(_exit.o)
 .text.libgcc.fixed
                0x00000000        0x0 c:/program files (x86)/atmel/studio/7.0/toolchain/avr8/avr8-gnu-toolchain/bin/../lib/gcc/avr/5.4.0/avr5\libgcc.a(_exit.o)
 .text          0x00000000        0x0 c:/program files (x86)/atmel/studio/7.0/toolchain/avr8/avr8-gnu-toolchain/bin/../lib/gcc/avr/5.4.0/avr5\libgcc.a(_copy_data.o)
 .data          0x00000000        0x0 c:/program files (x86)/atmel/studio/7.0/toolchain/avr8/avr8-gnu-toolchain/bin/../lib/gcc/avr/5.4.0/avr5\libgcc.a(_copy_data.o)
 .bss           0x00000000        0x0 c:/program files (x86)/atmel/studio/7.0/toolchain/avr8/avr8-gnu-toolchain/bin/../lib/gcc/avr/5.4.0/avr5\libgcc.a(_copy_data.o)
 .text.libgcc.mul
                0x00000000        0x0 c:/program files (x86)/atmel/studio/7.0/toolchain/avr8/avr8-gnu-toolchain/bin/../lib/gcc/avr/5.4.0/avr5\libgcc.a(_copy_data.o)
 .text.libgcc.div
                0x00000000        0x0 c:/program files (x86)/atmel/studio/7.0/toolchain/avr8/avr8-gnu-toolchain/bin/../lib/gcc/avr/5.4.0/avr5\libgcc.a(_copy_data.o)
 .text.libgcc   0x00000000        0x0 c:/program files (x86)/atmel/studio/7.0/toolchain/avr8/avr8-gnu-toolchain/bin/../lib/gcc/avr/5.4.0/avr5\libgcc.a(_copy_data.o)
 .text.libgcc.prologue
                0x00000000        0x0 c:/program files (x86)/atmel/studio/7.0/toolchain/avr8/avr8-gnu-toolchain/bin/../lib/gcc/avr/5.4.0/avr5\libgcc.a(_copy_data.o)
 .text.libgcc.builtins
                0x00000000        0x0 c:/program files (x86)/atmel/studio/7.0/toolchain/avr8/avr8-gnu-toolchain/bin/../lib/gcc/avr/5.4.0/avr5\libgcc.a(_copy_data.o)
 .text.libgcc.fmul
                0x00000000        0x0 c:/program files (x86)/atmel/studio/7.0/toolchain/avr8/avr8-gnu-toolchain/bin/../lib/gcc/avr/5.4.0/avr5\libgcc.a(_copy_data.o)
 .text.libgcc.fixed
                0x00000000        0x0 c:/program files (x86)/atmel/studio/7.0/toolchain/avr8/avr8-gnu-toolchain/bin/../lib/gcc/avr/5.4.0/avr5\libgcc.a(_copy_data.o)
 .text          0x00000000        0x0 c:/program files (x86)/atmel/studio/7.0/toolchain/avr8/avr8-gnu-toolchain/bin/../lib/gcc/avr/5.4.0/avr5\libgcc.a(_clear_bss.o)
 .data          0x00000000        0x0 c:/program files (x86)/atmel/studio/7.0/toolchain/avr8/avr8-gnu-toolchain/bin/../lib/gcc/avr/5.4.0/avr5\libgcc.a(_clear_bss.o)
 .bss           0x00000000        0x0 c:/program files (x86)/atmel/studio/7.0/toolchain/avr8/avr8-gnu-toolchain/bin/../lib/gcc/avr/5.4.0/avr5\libgcc.a(_clear_bss.o)
 .text.libgcc.mul
                0x00000000        0x0 c:/program files (x86)/atmel/studio/7.0/toolchain/avr8/avr8-gnu-toolchain/bin/../lib/gcc/avr/5.4.0/avr5\libgcc.a(_clear_bss.o)
 .text.libgcc.div
                0x00000000        0x0 c:/program files (x86)/atmel/studio/7.0/toolchain/avr8/avr8-gnu-toolchain/bin/../lib/gcc/avr/5.4.0/avr5\libgcc.a(_clear_bss.o)
 .text.libgcc   0x00000000        0x0 c:/program files (x86)/atmel/studio/7.0/toolchain/avr8/avr8-gnu-toolchain/bin/../lib/gcc/avr/5.4.0/avr5\libgcc.a(_clear_bss.o)
 .text.libgcc.prologue
                0x00000000        0x0 c:/program files (x86)/atmel/studio/7.0/toolchain/avr8/avr8-gnu-toolchain/bin/../lib/gcc/avr/5.4.0/avr5\libgcc.a(_clear_bss.o)
 .text.libgcc.builtins
                0x00000000        0x0 c:/program files (x86)/atmel/studio/7.0/toolchain/avr8/avr8-gnu-toolchain/bin/../lib/gcc/avr/5.4.0/avr5\libgcc.a(_clear_bss.o)
 .text.libgcc.fmul
                0x00000000        0x0 c:/program files (x86)/atmel/studio/7.0/toolchain/avr8/avr8-gnu-toolchain/bin/../lib/gcc/avr/5.4.0/avr5\libgcc.a(_clear_bss.o)
 .text.libgcc.fixed
                0x00000000        0x0 c:/program files (x86)/atmel/studio/7.0/toolchain/avr8/avr8-gnu-toolchain/bin/../lib/gcc/avr/5.4.0/avr5\libgcc.a(_clear_bss.o)
 .text          0x00000000        0x0 c:/program files (x86)/atmel/studio/7.0/toolchain/avr8/avr8-gnu-toolchain/bin/../lib/gcc/avr/5.4.0/avr5\libgcc.a(_udivmodhi4.o)
 .data          0x00000000        0x0 c:/program files (x86)/atmel/studio/7.0/toolchain/avr8/avr8-gnu-toolchain/bin/../lib/gcc/avr/5.4.0/avr5\libgcc.a(_udivmodhi4.o)
 .bss           0x00000000        0x0 c:/program files (x86)/atmel/studio/7.0/toolchain/avr8/avr8-gnu-toolchain/bin/../lib/gcc/avr/5.4.0/avr5\libgcc.a(_udivmodhi4.o)
 .text.libgcc.mul
                0x00000000        0x0 c:/program files (x86)/atmel/studio/7.0/toolchain/avr8/avr8-gnu-toolchain/bin/../lib/gcc/avr/5.4.0/avr5\libgcc.a(_udivmodhi4.o)
 .text.libgcc   0x00000000        0x0 c:/program files (x86)/atmel/studio/7.0/toolchain/avr8/avr8-gnu-toolchain/bin/../lib/gcc/avr/5.4.0/avr5\libgcc.a(_udivmodhi4.o)
 .text.libgcc.prologue
                0x00000000        0x0 c:/program files (x86)/atmel/studio/7.0/toolchain/avr8/avr8-gnu-toolchain/bin/../lib/gcc/avr/5.4.0/avr5\libgcc.a(_udivmodhi4.o)
 .text.libgcc.builtins
                0x00000000        0x0 c:/program files (x86)/atmel/studio/7.0/toolchain/avr8/avr8-gnu-toolchain/bin/../lib/gcc/avr/5.4.0/avr5\libgcc.a(_udivmodhi4.o)
 .text.libgcc.fmul
                0x00000000        0x0 c:/program files (x86)/atmel/studio/7.0/toolchain/avr8/avr8-gnu-toolchain/bin/../lib/gcc/avr/5.4.0/avr5\libgcc.a(_udivmodhi4.o)
 .text.libgcc.fixed
                0x00000000        0x0 c:/program files (x86)/atmel/studio/7.0/toolchain/avr8/avr8-gnu-toolchain/bin/../lib/gcc/avr/5.4.0/avr5\libgcc.a(_udivmodhi4.o)
 .text          0x00000000        0x0 c:/program files (x86)/atmel/studio/7.0/toolchain/avr8/avr8-gnu-toolchain/bin/../lib/gcc/avr/5.4.0/../../../../avr/lib/avr5\libc.a(strncpy.o)
 .data          0x00000000        0x0 c:/program files (x86)/atmel/studio/7.0/toolchain/avr8/avr8-gnu-toolchain/bin/../lib/gcc/avr/5.4.0/../../../../avr/lib/avr5\libc.a(strncpy.o)
 .bss           0x00000000        0x0 c:/program files (x86)/atmel/studio/7.0/toolchain/avr8/avr8-gnu-toolchain/bin/../lib/gcc/avr/5.4.0/../../../../avr/lib/avr5\libc.a(strncpy.o)

Memory Configuration

Name             Origin             Length             Attributes
text             0x00000000         0x00008000         xr
data             0x00800100         0x00000800         rw !x
eeprom           0x00810000         0x00000400         rw !x
fuse             0x00820000         0x00000003         rw !x
lock             0x00830000         0x00000400         rw !x
signature        0x00840000         0x00000400         rw !x
user_signatures  0x00850000         0x00000400         rw !x
*default*        0x00000000         0xffffffff

Linker script and memory map

Address of section .data set to 0x800100
LOAD C:/Program Files (x86)/Atmel/Studio/7.0/Packs/atmel/ATmega_DFP/1.7.374/gcc/dev/atmega328p/avr5/crtatmega328p.o
LOAD graphics_library/epd3in7.o
LOAD graphics_library/epdif.o
LOAD graphics_library/epdpaint.o
LOAD graphics_library/font12.o
LOAD graphics_library/font16.o
LOAD graphics_library/font20.o
LOAD graphics_library/font24.o
LOAD graphics_library/font8.o
LOAD graphics_library/imagedata.o
LOAD interfaces/interface_driver.o
LOAD main.o
LOAD uart.o
START GROUP
LOAD c:/program files (x86)/atmel/studio/7.0/toolchain/avr8/avr8-gnu-toolchain/bin/../lib/gcc/avr/5.4.0/../../../../avr/lib/avr5\libm.a
END GROUP
START GROUP
LOAD c:/program files (x86)/atmel/studio/7.0/toolchain/avr8/avr8-gnu-toolchain/bin/../lib/gcc/avr/5.4.0/avr5\libgcc.a
LOAD c:/program files (x86)/atmel/studio/7.0/toolchain/avr8/avr8-gnu-toolchain/bin/../lib/gcc/avr/5.4.0/../../../../avr/lib/avr5\libm.a
LOAD c:/program files (x86)/atmel/studio/7.0/toolchain/avr8/avr8-gnu-toolchain/bin/../lib/gcc/avr/5.4.0/../../../../avr/lib/avr5\libc.a
LOAD C:/Program Files (x86)/Atmel/Studio/7.0/Packs/atmel/ATmega_DFP/1.7.374/gcc/dev/atmega328p/avr5\libatmega328p.a
END GROUP
                0x00000000                __TEXT_REGION_ORIGIN__ = DEFINED (__TEXT_REGION_ORIGIN__)?__TEXT_REGION_ORIGIN__:0x0
                [0x00800100]                __DATA_REGION_ORIGIN__ = DEFINED (__DATA_REGION_ORIGIN__)?__DATA_REGION_ORIGIN__:0x800060
                [0x00008000]                __TEXT_REGION_LENGTH__ = DEFINED (__TEXT_REGION_LENGTH__)?__TEXT_REGION_LENGTH__:0x20000
                [0x00000800]                __DATA_REGION_LENGTH__ = DEFINED (__DATA_REGION_LENGTH__)?__DATA_REGION_LENGTH__:0xffa0
                [0x00000400]                __EEPROM_REGION_LENGTH__ = DEFINED (__EEPROM_REGION_LENGTH__)?__EEPROM_REGION_LENGTH__:0x10000
                [0x00000003]                __FUSE_REGION_LENGTH__ = DEFINED (__FUSE_REGION_LENGTH__)?__FUSE_REGION_LENGTH__:0x400
                0x00000400                __LOCK_REGION_LENGTH__ = DEFINED (__LOCK_REGION_LENGTH__)?__LOCK_REGION_LENGTH__:0x400
                0x00000400                __SIGNATURE_REGION_LENGTH__ = DEFINED (__SIGNATURE_REGION_LENGTH__)?__SIGNATURE_REGION_LENGTH__:0x400
                0x00000400                __USER_SIGNATURE_REGION_LENGTH__ = DEFINED (__USER_SIGNATURE_REGION_LENGTH__)?__USER_SIGNATURE_REGION_LENGTH__:0x400

.hash
 *(.hash)

.dynsym
 *(.dynsym)

.dynstr
 *(.dynstr)

.gnu.version
 *(.gnu.version)

.gnu.version_d
 *(.gnu.version_d)

.gnu.version_r
 *(.gnu.version_r)

.rel.init
 *(.rel.init)

.rela.init
 *(.rela.init)

.rel.text
 *(.rel.text)
 *(.rel.text.*)
 *(.rel.gnu.linkonce.t*)

.rela.text
 *(.rela.text)
 *(.rela.text.*)
 *(.rela.gnu.linkonce.t*)

.rel.fini
 *(.rel.fini)

.rela.fini
 *(.rela.fini)

.rel.rodata
 *(.rel.rodata)
 *(.rel.rodata.*)
 *(.rel.gnu.linkonce.r*)

.rela.rodata
 *(.rela.rodata)
 *(.rela.rodata.*)
 *(.rela.gnu.linkonce.r*)

.rel.data
 *(.rel.data)
 *(.rel.data.*)
 *(.rel.gnu.linkonce.d*)

.rela.data
 *(.rela.data)
 *(.rela.data.*)
 *(.rela.gnu.linkonce.d*)

.rel.ctors
 *(.rel.ctors)

.rela.ctors
 *(.rela.ctors)

.rel.dtors
 *(.rel.dtors)

.rela.dtors
 *(.rela.dtors)

.rel.got
 *(.rel.got)

.rela.got
 *(.rela.got)

.rel.bss
 *(.rel.bss)

.rela.bss
 *(.rela.bss)

.rel.plt
 *(.rel.plt)

.rela.plt
 *(.rela.plt)

.text           0x00000000     0x1a6e
 *(.vectors)
 .vectors       0x00000000       0x68 C:/Program Files (x86)/Atmel/Studio/7.0/Packs/atmel/ATmega_DFP/1.7.374/gcc/dev/atmega328p/avr5/crtatmega328p.o
                0x00000000                __vector_default
                0x00000000                __vectors
 *(.vectors)
 *(.progmem.gcc*)
                0x00000068                . = ALIGN (0x2)
                0x00000068                __trampolines_start = .
 *(.trampolines)
 .trampolines   0x00000068        0x0 linker stubs
 *(.trampolines*)
                0x00000068                __trampolines_end = .
 *libprintf_flt.a:*(.progmem.data)
 *libc.a:*(.progmem.data)
 *(.progmem*)
 .progmem.data.Font16_Table
                0x00000068      0xbe0 graphics_library/font16.o
                0x00000068                Font16_Table
                0x00000c48                . = ALIGN (0x2)
 *(.jumptables)
 *(.jumptables*)
 *(.lowtext)
 *(.lowtext*)
                0x00000c48                __ctors_start = .
 *(.ctors)
                0x00000c48                __ctors_end = .
                0x00000c48                __dtors_start = .
 *(.dtors)
                0x00000c48                __dtors_end = .
 SORT(*)(.ctors)
 SORT(*)(.dtors)
 *(.init0)
 .init0         0x00000c48        0x0 C:/Program Files (x86)/Atmel/Studio/7.0/Packs/atmel/ATmega_DFP/1.7.374/gcc/dev/atmega328p/avr5/crtatmega328p.o
                0x00000c48                __init
 *(.init0)
 *(.init1)
 *(.init1)
 *(.init2)
 .init2         0x00000c48        0xc C:/Program Files (x86)/Atmel/Studio/7.0/Packs/atmel/ATmega_DFP/1.7.374/gcc/dev/atmega328p/avr5/crtatmega328p.o
 *(.init2)
 *(.init3)
 *(.init3)
 *(.init4)
 .init4         0x00000c54       0x16 c:/program files (x86)/atmel/studio/7.0/toolchain/avr8/avr8-gnu-toolchain/bin/../lib/gcc/avr/5.4.0/avr5\libgcc.a(_copy_data.o)
                0x00000c54                __do_copy_data
 .init4         0x00000c6a       0x10 c:/program files (x86)/atmel/studio/7.0/toolchain/avr8/avr8-gnu-toolchain/bin/../lib/gcc/avr/5.4.0/avr5\libgcc.a(_clear_bss.o)
                0x00000c6a                __do_clear_bss
 *(.init4)
 *(.init5)
 *(.init5)
 *(.init6)
 *(.init6)
 *(.init7)
 *(.init7)
 *(.init8)
 *(.init8)
 *(.init9)
 .init9         0x00000c7a        0x8 C:/Program Files (x86)/Atmel/Studio/7.0/Packs/atmel/ATmega_DFP/1.7.374/gcc/dev/atmega328p/avr5/crtatmega328p.o
 *(.init9)
 *(.text)
 .text          0x00000c82        0x4 C:/Program Files (x86)/Atmel/Studio/7.0/Packs/atmel/ATmega_DFP/1.7.374/gcc/dev/atmega328p/avr5/crtatmega328p.o
                0x00000c82                __vector_22
                0x00000c82                __vector_1
                0x00000c82                __vector_24
                0x00000c82                __vector_12
                0x00000c82                __bad_interrupt
                0x00000c82                __vector_6
                0x00000c82                __vector_3
                0x00000c82                __vector_23
                0x00000c82                __vector_25
                0x00000c82                __vector_11
                0x00000c82                __vector_13
                0x00000c82                __vector_17
                0x00000c82                __vector_19
                0x00000c82                __vector_7
                0x00000c82                __vector_5
                0x00000c82                __vector_4
                0x00000c82                __vector_9
                0x00000c82                __vector_2
                0x00000c82                __vector_21
                0x00000c82                __vector_15
                0x00000c82                __vector_8
                0x00000c82                __vector_14
                0x00000c82                __vector_10
                0x00000c82                __vector_16
                0x00000c82                __vector_18
                0x00000c82                __vector_20
                0x00000c86                . = ALIGN (0x2)
 *(.text.*)
 .text.epd_send_command
                0x00000c86       0x16 graphics_library/epd3in7.o
                0x00000c86                epd_send_command
 .text.epd_send_data
                0x00000c9c       0x16 graphics_library/epd3in7.o
                0x00000c9c                epd_send_data
 .text.epd_wait_until_idle
                0x00000cb2       0x18 graphics_library/epd3in7.o
                0x00000cb2                epd_wait_until_idle
 .text.epd_reset
                0x00000cca       0x3e graphics_library/epd3in7.o
                0x00000cca                epd_reset
 .text.epd_init
                0x00000d08      0x174 graphics_library/epd3in7.o
                0x00000d08                epd_init
 .text.epd_turn_on_display
                0x00000e7c        0xc graphics_library/epd3in7.o
                0x00000e7c                epd_turn_on_display
 .text.epd_sleep
                0x00000e88        0xe graphics_library/epd3in7.o
                0x00000e88                epd_sleep
 .text.epd_load_lut
                0x00000e96       0x46 graphics_library/epd3in7.o
                0x00000e96                epd_load_lut
 .text.epd_display_frame_part
                0x00000edc      0x11e graphics_library/epd3in7.o
                0x00000edc                epd_display_frame_part
 .text.epd_clear
                0x00000ffa       0x6c graphics_library/epd3in7.o
                0x00000ffa                epd_clear
 .text.spi_init
                0x00001066       0x18 graphics_library/epdif.o
 .text.spi_transfer
                0x0000107e        0xc graphics_library/epdif.o
 .text.epd_digital_write
                0x0000108a       0x3a graphics_library/epdif.o
                0x0000108a                epd_digital_write
 .text.epd_digital_read
                0x000010c4       0x16 graphics_library/epdif.o
                0x000010c4                epd_digital_read
 .text.epd_spi_transfer
                0x000010da       0x1e graphics_library/epdif.o
                0x000010da                epd_spi_transfer
 .text.epd_if_init
                0x000010f8        0xa graphics_library/epdif.o
                0x000010f8                epd_if_init
 .text.Paint_Init
                0x00001102       0x3e graphics_library/epdpaint.o
                0x00001102                Paint_Init
 .text.Paint_DrawAbsolutePixel
                0x00001140       0xf4 graphics_library/epdpaint.o
                0x00001140                Paint_DrawAbsolutePixel
 .text.Paint_Clear
                0x00001234       0x5e graphics_library/epdpaint.o
                0x00001234                Paint_Clear
 .text.Paint_GetImage
                0x00001292        0x8 graphics_library/epdpaint.o
                0x00001292                Paint_GetImage
 .text.Paint_SetRotate
                0x0000129a        0x8 graphics_library/epdpaint.o
                0x0000129a                Paint_SetRotate
 .text.Paint_DrawPixel
                0x000012a2       0xf4 graphics_library/epdpaint.o
                0x000012a2                Paint_DrawPixel
 .text.Paint_DrawCharAt
                0x00001396      0x13a graphics_library/epdpaint.o
                0x00001396                Paint_DrawCharAt
 .text.Paint_DrawStringAt
                0x000014d0       0x78 graphics_library/epdpaint.o
                0x000014d0                Paint_DrawStringAt
 .text.Paint_DrawHorizontalLine
                0x00001548       0x58 graphics_library/epdpaint.o
                0x00001548                Paint_DrawHorizontalLine
 .text.Paint_DrawVerticalLine
                0x000015a0       0x58 graphics_library/epdpaint.o
                0x000015a0                Paint_DrawVerticalLine
 .text.init_interface
                0x000015f8       0x1e interfaces/interface_driver.o
                0x000015f8                init_interface
 .text.draw_string_box
                0x00001616      0x29c interfaces/interface_driver.o
                0x00001616                draw_string_box
 .text.update_question_boxes
                0x000018b2       0x68 interfaces/interface_driver.o
                0x000018b2                update_question_boxes
 .text.update_answer_box
                0x0000191a       0x26 interfaces/interface_driver.o
                0x0000191a                update_answer_box
 .text.main     0x00001940       0xbc main.o
                0x00001940                main
 .text.libgcc.div
                0x000019fc       0x28 c:/program files (x86)/atmel/studio/7.0/toolchain/avr8/avr8-gnu-toolchain/bin/../lib/gcc/avr/5.4.0/avr5\libgcc.a(_divmodhi4.o)
                0x000019fc                _div
                0x000019fc                __divmodhi4
 .text.libgcc.div
                0x00001a24       0x28 c:/program files (x86)/atmel/studio/7.0/toolchain/avr8/avr8-gnu-toolchain/bin/../lib/gcc/avr/5.4.0/avr5\libgcc.a(_udivmodhi4.o)
                0x00001a24                __udivmodhi4
 .text.avr-libc
                0x00001a4c       0x1e c:/program files (x86)/atmel/studio/7.0/toolchain/avr8/avr8-gnu-toolchain/bin/../lib/gcc/avr/5.4.0/../../../../avr/lib/avr5\libc.a(strncpy.o)
                0x00001a4c                strncpy
                0x00001a6a                . = ALIGN (0x2)
 *(.fini9)
 .fini9         0x00001a6a        0x0 c:/program files (x86)/atmel/studio/7.0/toolchain/avr8/avr8-gnu-toolchain/bin/../lib/gcc/avr/5.4.0/avr5\libgcc.a(_exit.o)
                0x00001a6a                _exit
                0x00001a6a                exit
 *(.fini9)
 *(.fini8)
 *(.fini8)
 *(.fini7)
 *(.fini7)
 *(.fini6)
 *(.fini6)
 *(.fini5)
 *(.fini5)
 *(.fini4)
 *(.fini4)
 *(.fini3)
 *(.fini3)
 *(.fini2)
 *(.fini2)
 *(.fini1)
 *(.fini1)
 *(.fini0)
 .fini0         0x00001a6a        0x4 c:/program files (x86)/atmel/studio/7.0/toolchain/avr8/avr8-gnu-toolchain/bin/../lib/gcc/avr/5.4.0/avr5\libgcc.a(_exit.o)
 *(.fini0)
                0x00001a6e                _etext = .

.data           0x00800100      0x180 load address 0x00001a6e
                0x00800100                PROVIDE (__data_start, .)
 *(.data)
 *(.data*)
 .data.Font16   0x00800100        0x6 graphics_library/font16.o
                0x00800100                Font16
 *(.gnu.linkonce.d*)
 *(.rodata)
 *(.rodata*)
 .rodata.lut_1Gray_A2
                0x00800106       0x69 graphics_library/epd3in7.o
 .rodata.lut_1Gray_GC
                0x0080016f       0x69 graphics_library/epd3in7.o
 .rodata.str1.1
                0x008001d8       0xa8 main.o
 *(.gnu.linkonce.r*)
                0x00800280                . = ALIGN (0x2)
                0x00800280                _edata = .
                0x00800280                PROVIDE (__data_end, .)

.bss            0x00800280        0x0
                0x00800280                PROVIDE (__bss_start, .)
 *(.bss)
 *(.bss*)
 *(COMMON)
                0x00800280                PROVIDE (__bss_end, .)
                0x00001a6e                __data_load_start = LOADADDR (.data)
                0x00001bee                __data_load_end = (__data_load_start + SIZEOF (.data))

.noinit         0x00800280        0x0
                [!provide]                PROVIDE (__noinit_start, .)
 *(.noinit*)
                [!provide]                PROVIDE (__noinit_end, .)
                0x00800280                _end = .
                [!provide]                PROVIDE (__heap_start, .)

.eeprom         0x00810000        0x0
 *(.eeprom*)
                0x00810000                __eeprom_end = .

.fuse
 *(.fuse)
 *(.lfuse)
 *(.hfuse)
 *(.efuse)

.lock
 *(.lock*)

.signature
 *(.signature*)

.user_signatures
 *(.user_signatures*)

.stab
 *(.stab)

.stabstr
 *(.stabstr)

.stab.excl
 *(.stab.excl)

.stab.exclstr
 *(.stab.exclstr)

.stab.index
 *(.stab.index)

.stab.indexstr
 *(.stab.indexstr)

.comment        0x00000000       0x30
 *(.comment)
 .comment       0x00000000       0x30 graphics_library/epd3in7.o
                                 0x31 (size before relaxing)
 .comment       0x00000030       0x31 graphics_library/epdif.o
 .comment       0x00000030       0x31 graphics_library/epdpaint.o
 .comment       0x00000030       0x31 graphics_library/font16.o
 .comment       0x00000030       0x31 interfaces/interface_driver.o
 .comment       0x00000030       0x31 main.o

.note.gnu.avr.deviceinfo
                0x00000000       0x40
 .note.gnu.avr.deviceinfo
                0x00000000       0x40 C:/Program Files (x86)/Atmel/Studio/7.0/Packs/atmel/ATmega_DFP/1.7.374/gcc/dev/atmega328p/avr5/crtatmega328p.o

.note.gnu.build-id
 *(.note.gnu.build-id)

.debug
 *(.debug)

.line
 *(.line)

.debug_srcinfo
 *(.debug_srcinfo)

.debug_sfnames
 *(.debug_sfnames)

.debug_aranges  0x00000000      0x1f8
 *(.debug_aranges)
 .debug_aranges
                0x00000000       0x78 graphics_library/epd3in7.o
 .debug_aranges
                0x00000078       0x50 graphics_library/epdif.o
 .debug_aranges
                0x000000c8       0xb8 graphics_library/epdpaint.o
 .debug_aranges
                0x00000180       0x18 graphics_library/font16.o
 .debug_aranges
                0x00000198       0x40 interfaces/interface_driver.o
 .debug_aranges
                0x000001d8       0x20 main.o

.debug_pubnames
 *(.debug_pubnames)

.debug_info     0x00000000     0x357f
 *(.debug_info .gnu.linkonce.wi.*)
 .debug_info    0x00000000      0x5f4 C:/Program Files (x86)/Atmel/Studio/7.0/Packs/atmel/ATmega_DFP/1.7.374/gcc/dev/atmega328p/avr5/crtatmega328p.o
 .debug_info    0x000005f4      0xfe5 graphics_library/epd3in7.o
 .debug_info    0x000015d9      0x254 graphics_library/epdif.o
 .debug_info    0x0000182d      0xfa1 graphics_library/epdpaint.o
 .debug_info    0x000027ce       0xf7 graphics_library/font16.o
 .debug_info    0x000028c5      0x955 interfaces/interface_driver.o
 .debug_info    0x0000321a      0x365 main.o

.debug_abbrev   0x00000000      0xeb4
 *(.debug_abbrev)
 .debug_abbrev  0x00000000      0x5a2 C:/Program Files (x86)/Atmel/Studio/7.0/Packs/atmel/ATmega_DFP/1.7.374/gcc/dev/atmega328p/avr5/crtatmega328p.o
 .debug_abbrev  0x000005a2      0x21a graphics_library/epd3in7.o
 .debug_abbrev  0x000007bc      0x184 graphics_library/epdif.o
 .debug_abbrev  0x00000940      0x1b1 graphics_library/epdpaint.o
 .debug_abbrev  0x00000af1       0x93 graphics_library/font16.o
 .debug_abbrev  0x00000b84      0x1d8 interfaces/interface_driver.o
 .debug_abbrev  0x00000d5c      0x158 main.o

.debug_line     0x00000000     0x1712
 *(.debug_line .debug_line.* .debug_line_end)
 .debug_line    0x00000000      0x134 C:/Program Files (x86)/Atmel/Studio/7.0/Packs/atmel/ATmega_DFP/1.7.374/gcc/dev/atmega328p/avr5/crtatmega328p.o
 .debug_line    0x00000134      0x6e0 graphics_library/epd3in7.o
 .debug_line    0x00000814      0x207 graphics_library/epdif.o
 .debug_line    0x00000a1b      0x6a6 graphics_library/epdpaint.o
 .debug_line    0x000010c1       0xa7 graphics_library/font16.o
 .debug_line    0x00001168      0x38f interfaces/interface_driver.o
 .debug_line    0x000014f7      0x21b main.o

.debug_frame    0x00000000      0x7e4
 *(.debug_frame)
 .debug_frame   0x00000000      0x1b8 graphics_library/epd3in7.o
 .debug_frame   0x000001b8       0x8c graphics_library/epdif.o
 .debug_frame   0x00000244      0x470 graphics_library/epdpaint.o
 .debug_frame   0x000006b4       0xf8 interfaces/interface_driver.o
 .debug_frame   0x000007ac       0x38 main.o

.debug_str      0x00000000      0x9c6
 *(.debug_str)
 .debug_str     0x00000000      0x208 C:/Program Files (x86)/Atmel/Studio/7.0/Packs/atmel/ATmega_DFP/1.7.374/gcc/dev/atmega328p/avr5/crtatmega328p.o
 .debug_str     0x00000208      0x339 graphics_library/epd3in7.o
                                0x390 (size before relaxing)
 .debug_str     0x00000541       0x42 graphics_library/epdif.o
                                0x24c (size before relaxing)
 .debug_str     0x00000583      0x233 graphics_library/epdpaint.o
                                0x3d9 (size before relaxing)
 .debug_str     0x000007b6       0x31 graphics_library/font16.o
                                0x1c3 (size before relaxing)
 .debug_str     0x000007e7      0x1b3 interfaces/interface_driver.o
                                0x48e (size before relaxing)
 .debug_str     0x0000099a       0x2c main.o
                                0x2ba (size before relaxing)

.debug_loc      0x00000000     0x2ee5
 *(.debug_loc)
 .debug_loc     0x00000000      0x91e graphics_library/epd3in7.o
 .debug_loc     0x0000091e      0x190 graphics_library/epdif.o
 .debug_loc     0x00000aae     0x1e2c graphics_library/epdpaint.o
 .debug_loc     0x000028da      0x5c3 interfaces/interface_driver.o
 .debug_loc     0x00002e9d       0x48 main.o

.debug_macinfo
 *(.debug_macinfo)

.debug_weaknames
 *(.debug_weaknames)

.debug_funcnames
 *(.debug_funcnames)

.debug_typenames
 *(.debug_typenames)

.debug_varnames
 *(.debug_varnames)

.debug_pubtypes
 *(.debug_pubtypes)

.debug_ranges   0x00000000      0x1a8
 *(.debug_ranges)
 .debug_ranges  0x00000000       0x68 graphics_library/epd3in7.o
 .debug_ranges  0x00000068       0x40 graphics_library/epdif.o
 .debug_ranges  0x000000a8       0xc0 graphics_library/epdpaint.o
 .debug_ranges  0x00000168       0x30 interfaces/interface_driver.o
 .debug_ranges  0x00000198       0x10 main.o

.debug_macro
 *(.debug_macro)
OUTPUT(HitchBot2.elf elf32-avr)
LOAD linker stubs
